
--- Self-check for patent_cooling_system.json at 2026-02-23 21:12:00.876793 ---
Question: Can primary chassis regulation valve_215 fulfill the function: 'regulating dielectric fluid flow to chassis'?
Answer: No
Explanation: The document states that chassis regulation valve_215 enables distribution of dielectric fluid based on the heat load (paragraph [0074]) or can be adjusted to achieve a specific mass flow (paragraph [0078]). Regulating flow is its function, but it's not explicitly stated that it regulates flow *to the chassis*. It regulates flow within the overall circuit, influencing balance and flow to individual tanks.
---
Question: Can secondary chassis regulation valve_219 fulfill the function: 'regulating dielectric fluid flow to chassis'?
Answer: No
Explanation: The document does not explicitly state that secondary chassis regulation valve_219 regulates fluid flow to the chassis. Its stated function is to achieve hydraulic balance between mining chassis 100 and 600 (paragraph [0073]).
---
Question: Can expansion tank_301 fulfill the function: 'absorbing water expansion'?
Answer: No
Explanation: The document identifies expansion tank_301 as part of a 'conventional water replenishing design' (paragraph [0072]), but does not explicitly state its function. The function 'Absorb the expansion of the water' is explicitly given for a different expansion tank, 710 (paragraph [0075]).
---
Question: Can filter_304 fulfill the function: 'filtering replenished water'?
Answer: No
Explanation: The document lists filter_304 as part of the water replenishing kit_300 but does not specify its function. The function of filtering is implied by its name and conventional use, but not stated in the text.
---
Question: Can water inlet valve_801 fulfill the function: 'controlling flow of replenishing water'?
Answer: No
Explanation: The document states water flows into the expansion tank 802 'through the water inlet valve 801' (paragraph [0076]), but does not explicitly state that the valve *controls* the flow.
---
Question: Can overflow valve_803 fulfill the function: 'draining excess water'?
Answer: No
Explanation: The document identifies overflow valve_803 as a component but does not describe its function.
---
Question: Can expansion tanks_905 fulfill the function: 'absorbing water expansion'?
Answer: No
Explanation: The document mentions that hot water reservoirs_901 have expansion tanks_905 (paragraph [0077]), but it does not specify the function of these particular expansion tanks.
---
Question: Can tank_1007 fulfill the function: 'storing water'?
Answer: No
Explanation: The document states that 'bottom section 1001 contains a tank 1007' and separately 'a hot water drum 1025' (paragraph [0080]). The function of storing hot water is explicitly assigned to the bottom section in general and the drum_1025 specifically (paragraph [0082]). The function of tank_1007 itself is not specified.
---
Question: Can insulation layer_1022 fulfill the function: 'minimizing heat losses'?
Answer: No
Explanation: The document states that drum_1025 may be 'wrapped in the insulation layer 1022' (paragraph [0082]), which implies the function of minimizing heat loss, but this function is not explicitly stated for the insulation layer itself.
---
Question: Is sheet metal shell_1026 part of bottom section_1001?
Answer: No
Explanation: The document states that the top and bottom sections 'are enclosed in a sheet metal shell 1026' (paragraph [0080]). The shell is part of the overall digital boiler, not a sub-component of only the bottom section_1001.
---
Question: Can heat exchanger_1004 fulfill the function: 'rejecting excess heat'?
Answer: No
Explanation: The document lists heat exchanger_1004 as a component of top section_1002 (paragraph [0080]), but does not describe its specific function. The function of rejecting extra heat is attributed to cooling fan_1005 (paragraph [0081]).
---
Question: Can miner container_1009 fulfill the function: 'containing dielectric fluid'?
Answer: No
Explanation: The document states that heat is carried out of miner container_1009 by a dielectric cooling fluid (paragraph [0081]), which implies the fluid is present, but it does not explicitly state that the container's function is to 'contain' the fluid.
---
